// Jest Snapshot v1, https://goo.gl/fbAQLP

exports[`Badge Component tests Should take snapshot of badge 1`] = `
<DocumentFragment>
  <span
    class="badge primary"
    data-testid="badge"
  >
    not following
  </span>
</DocumentFragment>
`;
