// Jest Snapshot v1, https://goo.gl/fbAQLP

exports[`StatsCard component test Should take snapshot of table 1`] = `
<DocumentFragment>
  <div
    class="card "
  >
    <div
      class="stats-card"
    >
      <div
        class="stats-card__icon"
      >
        <svg
          fill="none"
          height="28"
          viewBox="0 0 28 28"
          width="28"
          xmlns="http://www.w3.org/2000/svg"
        >
          <path
            d="M25.0573 0H9.83866C9.34615 0 8.94693 0.399219 8.94693 0.891734V3.15077H10.7304V1.78341H24.1656V12.0726L22.4411 9.77823C22.2725 9.55412 22.0086 9.42244 21.7283 9.42244H17.9236V11.2059H21.283L24.3446 15.279C24.5164 15.5072 24.7824 15.6348 25.0574 15.6348C25.1519 15.6348 25.247 15.6199 25.3397 15.589C25.7038 15.4674 25.949 15.1268 25.949 14.743V0.891734C25.949 0.399219 25.5498 0 25.0573 0Z"
            fill="#00A0F0"
          />
          <path
            d="M17.8939 2.25903H2.94268C2.45017 2.25903 2.05095 2.65825 2.05095 3.15077V16.4374C2.05095 16.8214 2.29704 17.1624 2.66148 17.2836C2.7539 17.3142 2.84873 17.3291 2.94236 17.3291C3.21847 17.3291 3.48573 17.2007 3.65723 16.971L6.7188 12.8705H17.8938C18.3863 12.8705 18.7855 12.4713 18.7855 11.9788V3.15077C18.7855 2.6582 18.3864 2.25903 17.8939 2.25903ZM17.0021 11.0867H6.27178C5.99058 11.0867 5.72546 11.2196 5.55724 11.4449L3.83442 13.7524V4.04245H17.0021V11.0867Z"
            fill="#00A0F0"
          />
          <path
            d="M20.8365 15.6649C18.919 15.6649 17.3589 17.2251 17.3589 19.1425C17.3589 21.06 18.9191 22.62 20.8365 22.62C22.754 22.62 24.3142 21.0601 24.3142 19.1425C24.3142 17.225 22.754 15.6649 20.8365 15.6649ZM20.8365 20.8362C19.9023 20.8362 19.1423 20.0765 19.1423 19.1423C19.1423 18.208 19.902 17.448 20.8365 17.448C21.771 17.448 22.5308 18.208 22.5308 19.1423C22.5308 20.0762 21.7708 20.8362 20.8365 20.8362Z"
            fill="#00A0F0"
          />
          <path
            d="M25.878 26.9612L25.8596 26.8521C25.8177 24.173 23.6312 21.9488 20.926 21.8769H20.7358C18.0213 21.9128 15.8132 24.1796 15.8132 26.9299V27.1083C15.8132 27.6008 16.2123 28 16.7049 28H24.9979C25.26 28 25.5091 27.8847 25.6792 27.6846C25.8483 27.4843 25.9214 27.2197 25.878 26.9612ZM17.6739 26.2166C17.9926 24.7741 19.2534 23.68 20.7473 23.6603L20.9019 23.6597C22.4086 23.6999 23.6737 24.7928 23.9964 26.2166H17.6739Z"
            fill="#00A0F0"
          />
          <path
            d="M7.16346 15.6649C5.24595 15.6649 3.68578 17.2251 3.68578 19.1425C3.68578 21.06 5.24568 22.62 7.16346 22.62C9.08097 22.62 10.6411 21.0601 10.6411 19.1425C10.6412 17.225 9.08097 15.6649 7.16346 15.6649ZM7.16346 20.8362C6.22924 20.8362 5.46919 20.0765 5.46919 19.1423C5.46919 18.208 6.22924 17.448 7.16346 17.448C8.09769 17.448 8.85774 18.208 8.85774 19.1423C8.85774 20.0762 8.09769 20.8362 7.16346 20.8362Z"
            fill="#00A0F0"
          />
          <path
            d="M7.28267 21.8769H7.09242C4.378 21.9128 2.16983 24.1796 2.16983 26.9299V27.1083C2.16983 27.6008 2.56899 28 3.06156 28H11.3248C11.8174 28 12.2166 27.6008 12.2169 27.1083V26.9299C12.2169 24.2161 10.014 21.9494 7.28267 21.8769ZM4.03085 26.2166C4.34918 24.7741 5.61011 23.68 7.10401 23.6603L7.25856 23.6597C8.76558 23.6999 10.0306 24.7928 10.3534 26.2166H4.03085Z"
            fill="#00A0F0"
          />
          <path
            d="M10.1359 5.46921H6.50956C6.01705 5.46921 5.61783 5.86842 5.61783 6.36094C5.61783 6.85345 6.01699 7.25267 6.50956 7.25267H10.1359C10.6284 7.25267 11.0276 6.85345 11.0276 6.36094C11.0276 5.86842 10.6284 5.46921 10.1359 5.46921Z"
            fill="#00A0F0"
          />
          <path
            d="M14.535 7.96606H6.50956C6.01705 7.96606 5.61783 8.36528 5.61783 8.8578C5.61783 9.35031 6.01705 9.74953 6.50956 9.74953H14.5351C15.0276 9.74953 15.4268 9.35037 15.4268 8.8578C15.4267 8.36523 15.0276 7.96606 14.535 7.96606Z"
            fill="#00A0F0"
          />
        </svg>
      </div>
      <div
        class="stats-card__info"
      >
        <p
          data-testid="stats-title"
        >
          Total numbers
        </p>
        <h3
          data-testid="stats-value"
        >
          5
        </h3>
      </div>
    </div>
  </div>
</DocumentFragment>
`;
