// Jest Snapshot v1, https://goo.gl/fbAQLP

exports[`renders correctly 1`] = `
<div
  class="pl-2"
>
  <div
    class="flex flex-col"
  >
    <div
      class="-my-2 overflow-x-auto sm:-mx-6 lg:-mx-8"
    >
      <div
        class="py-2 align-middle inline-block min-w-full sm:px-6 lg:px-8"
      >
        <div
          class="shadow overflow-hidden border-b border-gray-200 sm:rounded-lg"
        >
          <table
            class="min-w-full divide-y divide-gray-200"
          >
            <thead
              class="bg-gray-50"
            >
              <tr>
                
                <th
                  class="px-6 py-3 text-left text-xs font-medium text-gray-500 uppercase tracking-wider"
                  scope="col"
                >
                  Phone Number
                </th>
                <th
                  class="px-6 py-3 text-left text-xs font-medium text-gray-500 uppercase tracking-wider"
                  scope="col"
                >
                  Call Date and time
                </th>
                <th
                  class="px-6 py-3 text-left text-xs font-medium text-gray-500 uppercase tracking-wider"
                  scope="col"
                >
                  Resolution
                </th>
                
              </tr>
            </thead>
            <tbody
              class="bg-white divide-y divide-gray-200"
            >
              
              
              <!-- More people... -->
            </tbody>
          </table>
        </div>
      </div>
    </div>
  </div>
</div>
`;
